// Jest Snapshot v1, https://goo.gl/fbAQLP

exports[`renders correctly 1`] = `
<RCTScrollView>
  <View>
    <View
      style={
        Object {
          "backgroundColor": "white",
          "flex": 4,
          "justifyContent": "center",
        }
      }
    >
      <View
        style={
          Object {
            "backgroundColor": "transparent",
            "borderBottomWidth": 0,
            "borderColor": "#ccc",
            "borderLeftWidth": 0,
            "borderRadius": 2,
            "borderRightWidth": 0,
            "borderTopWidth": 0,
            "elevation": null,
            "flexWrap": "nowrap",
            "marginBottom": 5,
            "marginLeft": 2,
            "marginRight": 2,
            "marginTop": 5,
            "shadowColor": null,
            "shadowOffset": null,
            "shadowOpacity": null,
            "shadowRadius": null,
          }
        }
        transparent={true}
      >
        <View
          accessible={true}
          focusable={true}
          isTVSelectable={true}
          onClick={[Function]}
          onResponderGrant={[Function]}
          onResponderMove={[Function]}
          onResponderRelease={[Function]}
          onResponderTerminate={[Function]}
          onResponderTerminationRequest={[Function]}
          onStartShouldSetResponder={[Function]}
          style={
            Object {
              "alignItems": "center",
              "backgroundColor": "#fff",
              "borderBottomWidth": null,
              "borderRadius": 2,
              "flexDirection": "row",
              "opacity": 1,
              "paddingBottom": 15,
              "paddingLeft": 15,
              "paddingRight": 15,
              "paddingTop": 15,
            }
          }
        >
          <Text
            style={
              Object {
                "color": "#000",
                "fontFamily": "System",
                "fontSize": 16,
                "fontWeight": "600",
              }
            }
            uppercase={false}
          >
            Name:
          </Text>
        </View>
        <View
          style={
            Object {
              "alignItems": "center",
              "backgroundColor": "#fff",
              "borderRadius": 2,
              "flexDirection": "row",
              "paddingBottom": 10,
              "paddingLeft": 15,
              "paddingRight": 15,
              "paddingTop": 10,
            }
          }
        >
          <View
            style={
              Object {
                "alignItems": "flex-start",
                "alignSelf": "stretch",
                "flex": 1,
              }
            }
          >
            <Text
              style={
                Object {
                  "color": "#000",
                  "fontFamily": "System",
                  "fontSize": 16,
                }
              }
              uppercase={false}
            >
              
            </Text>
          </View>
        </View>
        <View
          footer={true}
          style={
            Object {
              "alignItems": "center",
              "backgroundColor": "#fff",
              "borderBottomWidth": null,
              "borderRadius": 2,
              "flexDirection": "row",
              "paddingBottom": 10,
              "paddingLeft": 15,
              "paddingRight": 15,
              "paddingTop": 10,
            }
          }
        >
          <View
            accessible={true}
            focusable={true}
            isTVSelectable={true}
            onClick={[Function]}
            onResponderGrant={[Function]}
            onResponderMove={[Function]}
            onResponderRelease={[Function]}
            onResponderTerminate={[Function]}
            onResponderTerminationRequest={[Function]}
            onStartShouldSetResponder={[Function]}
            style={
              Object {
                "alignItems": "center",
                "backgroundColor": "#d9534f",
                "borderBottomWidth": null,
                "borderColor": "#007aff",
                "borderLeftWidth": null,
                "borderRadius": 5,
                "borderRightWidth": null,
                "borderTopWidth": null,
                "borderWidth": undefined,
                "elevation": 2,
                "flexDirection": "row",
                "height": 35,
                "justifyContent": "space-between",
                "opacity": 1,
                "paddingBottom": 6,
                "paddingTop": 6,
                "position": "absolute",
                "right": 10,
                "shadowColor": undefined,
                "shadowOffset": undefined,
                "shadowOpacity": undefined,
                "shadowRadius": undefined,
              }
            }
          >
            <Text
              style={
                Object {
                  "backgroundColor": "transparent",
                  "color": "#fff",
                  "fontFamily": "System",
                  "fontSize": 16.5,
                  "marginLeft": 0,
                  "marginRight": 0,
                  "paddingLeft": 16,
                  "paddingRight": 16,
                }
              }
              uppercase={false}
            >
              Update
            </Text>
          </View>
        </View>
      </View>
      <View
        style={
          Object {
            "backgroundColor": "transparent",
            "borderBottomWidth": 0,
            "borderColor": "#ccc",
            "borderLeftWidth": 0,
            "borderRadius": 2,
            "borderRightWidth": 0,
            "borderTopWidth": 0,
            "elevation": null,
            "flexWrap": "nowrap",
            "marginBottom": 5,
            "marginLeft": 2,
            "marginRight": 2,
            "marginTop": 5,
            "shadowColor": null,
            "shadowOffset": null,
            "shadowOpacity": null,
            "shadowRadius": null,
          }
        }
        transparent={true}
      >
        <View
          accessible={true}
          focusable={true}
          isTVSelectable={true}
          onClick={[Function]}
          onResponderGrant={[Function]}
          onResponderMove={[Function]}
          onResponderRelease={[Function]}
          onResponderTerminate={[Function]}
          onResponderTerminationRequest={[Function]}
          onStartShouldSetResponder={[Function]}
          style={
            Object {
              "alignItems": "center",
              "backgroundColor": "#fff",
              "borderBottomWidth": null,
              "borderRadius": 2,
              "flexDirection": "row",
              "opacity": 1,
              "paddingBottom": 15,
              "paddingLeft": 15,
              "paddingRight": 15,
              "paddingTop": 15,
            }
          }
        >
          <Text
            style={
              Object {
                "color": "#000",
                "fontFamily": "System",
                "fontSize": 16,
                "fontWeight": "600",
              }
            }
            uppercase={false}
          >
            Username:
          </Text>
        </View>
        <View
          accessible={true}
          focusable={true}
          isTVSelectable={true}
          onClick={[Function]}
          onResponderGrant={[Function]}
          onResponderMove={[Function]}
          onResponderRelease={[Function]}
          onResponderTerminate={[Function]}
          onResponderTerminationRequest={[Function]}
          onStartShouldSetResponder={[Function]}
          style={
            Object {
              "alignItems": "center",
              "backgroundColor": "#fff",
              "borderRadius": 2,
              "flexDirection": "row",
              "opacity": 1,
              "paddingBottom": 10,
              "paddingLeft": 15,
              "paddingRight": 15,
              "paddingTop": 10,
            }
          }
        >
          <View
            style={
              Object {
                "alignItems": "flex-start",
                "alignSelf": "stretch",
                "flex": 1,
              }
            }
          >
            <Text
              style={
                Object {
                  "color": "#000",
                  "fontFamily": "System",
                  "fontSize": 16,
                }
              }
              uppercase={false}
            >
              Click on any carditem
            </Text>
          </View>
        </View>
        <View
          accessible={true}
          focusable={true}
          isTVSelectable={true}
          onClick={[Function]}
          onResponderGrant={[Function]}
          onResponderMove={[Function]}
          onResponderRelease={[Function]}
          onResponderTerminate={[Function]}
          onResponderTerminationRequest={[Function]}
          onStartShouldSetResponder={[Function]}
          style={
            Object {
              "alignItems": "center",
              "backgroundColor": "#fff",
              "borderBottomWidth": null,
              "borderRadius": 2,
              "flexDirection": "row",
              "opacity": 1,
              "paddingBottom": 10,
              "paddingLeft": 15,
              "paddingRight": 15,
              "paddingTop": 10,
            }
          }
        >
          <View
            accessible={true}
            focusable={false}
            isTVSelectable={true}
            onClick={[Function]}
            onResponderGrant={[Function]}
            onResponderMove={[Function]}
            onResponderRelease={[Function]}
            onResponderTerminate={[Function]}
            onResponderTerminationRequest={[Function]}
            onStartShouldSetResponder={[Function]}
            style={
              Object {
                "alignItems": "center",
                "backgroundColor": "#d9534f",
                "borderBottomWidth": null,
                "borderColor": "#007aff",
                "borderLeftWidth": null,
                "borderRadius": 5,
                "borderRightWidth": null,
                "borderTopWidth": null,
                "borderWidth": undefined,
                "elevation": 2,
                "flexDirection": "row",
                "height": 35,
                "justifyContent": "space-between",
                "opacity": 1,
                "paddingBottom": 6,
                "paddingTop": 6,
                "position": "absolute",
                "right": 10,
                "shadowColor": undefined,
                "shadowOffset": undefined,
                "shadowOpacity": undefined,
                "shadowRadius": undefined,
              }
            }
          >
            <Text
              style={
                Object {
                  "backgroundColor": "transparent",
                  "color": "#fff",
                  "fontFamily": "System",
                  "fontSize": 16.5,
                  "marginLeft": 0,
                  "marginRight": 0,
                  "paddingLeft": 16,
                  "paddingRight": 16,
                }
              }
              uppercase={false}
            >
              Update
            </Text>
          </View>
        </View>
      </View>
      <View
        style={
          Object {
            "backgroundColor": "transparent",
            "borderBottomWidth": 0,
            "borderColor": "#ccc",
            "borderLeftWidth": 0,
            "borderRadius": 2,
            "borderRightWidth": 0,
            "borderTopWidth": 0,
            "elevation": null,
            "flexWrap": "nowrap",
            "marginBottom": 5,
            "marginLeft": 2,
            "marginRight": 2,
            "marginTop": 5,
            "shadowColor": null,
            "shadowOffset": null,
            "shadowOpacity": null,
            "shadowRadius": null,
          }
        }
        transparent={true}
      >
        <View
          accessible={true}
          focusable={true}
          isTVSelectable={true}
          onClick={[Function]}
          onResponderGrant={[Function]}
          onResponderMove={[Function]}
          onResponderRelease={[Function]}
          onResponderTerminate={[Function]}
          onResponderTerminationRequest={[Function]}
          onStartShouldSetResponder={[Function]}
          style={
            Object {
              "alignItems": "center",
              "backgroundColor": "#fff",
              "borderBottomWidth": null,
              "borderRadius": 2,
              "flexDirection": "row",
              "opacity": 1,
              "paddingBottom": 15,
              "paddingLeft": 15,
              "paddingRight": 15,
              "paddingTop": 15,
            }
          }
        >
          <Text
            style={
              Object {
                "color": "#000",
                "fontFamily": "System",
                "fontSize": 16,
                "fontWeight": "600",
              }
            }
            uppercase={false}
          >
            Age:
          </Text>
        </View>
        <View
          accessible={true}
          focusable={true}
          isTVSelectable={true}
          onClick={[Function]}
          onResponderGrant={[Function]}
          onResponderMove={[Function]}
          onResponderRelease={[Function]}
          onResponderTerminate={[Function]}
          onResponderTerminationRequest={[Function]}
          onStartShouldSetResponder={[Function]}
          style={
            Object {
              "alignItems": "center",
              "backgroundColor": "#fff",
              "borderRadius": 2,
              "flexDirection": "row",
              "opacity": 1,
              "paddingBottom": 10,
              "paddingLeft": 15,
              "paddingRight": 15,
              "paddingTop": 10,
            }
          }
        >
          <View
            style={
              Object {
                "alignItems": "flex-start",
                "alignSelf": "stretch",
                "flex": 1,
              }
            }
          >
            <Text
              style={
                Object {
                  "color": "#000",
                  "fontFamily": "System",
                  "fontSize": 16,
                }
              }
              uppercase={false}
            >
              Click on any carditem
            </Text>
          </View>
        </View>
        <View
          accessible={true}
          focusable={true}
          isTVSelectable={true}
          onClick={[Function]}
          onResponderGrant={[Function]}
          onResponderMove={[Function]}
          onResponderRelease={[Function]}
          onResponderTerminate={[Function]}
          onResponderTerminationRequest={[Function]}
          onStartShouldSetResponder={[Function]}
          style={
            Object {
              "alignItems": "center",
              "backgroundColor": "#fff",
              "borderBottomWidth": null,
              "borderRadius": 2,
              "flexDirection": "row",
              "opacity": 1,
              "paddingBottom": 10,
              "paddingLeft": 15,
              "paddingRight": 15,
              "paddingTop": 10,
            }
          }
        >
          <View
            accessible={true}
            focusable={false}
            isTVSelectable={true}
            onClick={[Function]}
            onResponderGrant={[Function]}
            onResponderMove={[Function]}
            onResponderRelease={[Function]}
            onResponderTerminate={[Function]}
            onResponderTerminationRequest={[Function]}
            onStartShouldSetResponder={[Function]}
            style={
              Object {
                "alignItems": "center",
                "backgroundColor": "#d9534f",
                "borderBottomWidth": null,
                "borderColor": "#007aff",
                "borderLeftWidth": null,
                "borderRadius": 5,
                "borderRightWidth": null,
                "borderTopWidth": null,
                "borderWidth": undefined,
                "elevation": 2,
                "flexDirection": "row",
                "height": 35,
                "justifyContent": "space-between",
                "opacity": 1,
                "paddingBottom": 6,
                "paddingTop": 6,
                "position": "absolute",
                "right": 10,
                "shadowColor": undefined,
                "shadowOffset": undefined,
                "shadowOpacity": undefined,
                "shadowRadius": undefined,
              }
            }
          >
            <Text
              style={
                Object {
                  "backgroundColor": "transparent",
                  "color": "#fff",
                  "fontFamily": "System",
                  "fontSize": 16.5,
                  "marginLeft": 0,
                  "marginRight": 0,
                  "paddingLeft": 16,
                  "paddingRight": 16,
                }
              }
              uppercase={false}
            >
              Update
            </Text>
          </View>
        </View>
      </View>
      <Modal
        animationType="none"
        hardwareAccelerated={false}
        hideModalContentWhileAnimating={false}
        onModalHide={[Function]}
        onModalWillHide={[Function]}
        onModalWillShow={[Function]}
        onRequestClose={[Function]}
        scrollOffset={0}
        scrollOffsetMax={0}
        scrollTo={null}
        supportedOrientations={
          Array [
            "portrait",
            "landscape",
          ]
        }
        swipeThreshold={100}
        transparent={true}
        visible={false}
      >
        <View
          accessible={true}
          focusable={true}
          onClick={[Function]}
          onResponderGrant={[Function]}
          onResponderMove={[Function]}
          onResponderRelease={[Function]}
          onResponderTerminate={[Function]}
          onResponderTerminationRequest={[Function]}
          onStartShouldSetResponder={[Function]}
          style={
            Object {
              "backgroundColor": "black",
              "bottom": 0,
              "height": 1334,
              "left": 0,
              "opacity": 0,
              "position": "absolute",
              "right": 0,
              "top": 0,
              "width": 750,
            }
          }
        />
        <View
          hideModalContentWhileAnimating={false}
          onModalHide={[Function]}
          onModalWillHide={[Function]}
          onModalWillShow={[Function]}
          pointerEvents="box-none"
          scrollOffset={0}
          scrollOffsetMax={0}
          scrollTo={null}
          style={
            Object {
              "flex": 1,
              "justifyContent": "center",
              "margin": 37.5,
              "marginBottom": 0,
              "marginLeft": 0,
              "marginRight": 0,
              "marginTop": 0,
              "transform": Array [
                Object {
                  "translateY": 0,
                },
              ],
            }
          }
          supportedOrientations={
            Array [
              "portrait",
              "landscape",
            ]
          }
          swipeThreshold={100}
        >
          <View
            onLayout={[Function]}
            style={
              Array [
                Object {
                  "alignItems": "center",
                  "justifyContent": "center",
                },
                Object {
                  "paddingBottom": 0,
                },
              ]
            }
          >
            <View
              style={
                Array [
                  Object {
                    "borderRadius": 13,
                    "flexDirection": "column",
                    "overflow": "hidden",
                    "width": 270,
                  },
                  Object {},
                ]
              }
            >
              <View
                style={
                  Array [
                    Object {
                      "backgroundColor": "rgb(255,255,255)",
                      "bottom": 0,
                      "left": 0,
                      "position": "absolute",
                      "right": 0,
                      "top": 0,
                    },
                    Object {},
                  ]
                }
              />
              <View
                style={
                  Array [
                    Object {
                      "margin": 18,
                    },
                    Object {},
                  ]
                }
              >
                <Text
                  style={
                    Array [
                      Object {
                        "color": "black",
                        "fontSize": 18,
                        "fontWeight": "600",
                        "textAlign": "center",
                      },
                      undefined,
                    ]
                  }
                >
                  Update your 
                  
                </Text>
              </View>
              <View
                style={
                  Array [
                    Object {
                      "backgroundColor": "white",
                      "borderColor": "#A9ADAE",
                      "borderRadius": 6,
                      "borderWidth": 0.5,
                      "marginBottom": 20,
                      "marginHorizontal": 20,
                      "paddingHorizontal": 8,
                    },
                    undefined,
                  ]
                }
              >
                <TextInput
                  allowFontScaling={true}
                  autoCapitalize="none"
                  onChange={[Function]}
                  rejectResponderTermination={true}
                  style={
                    Array [
                      Object {},
                      undefined,
                      Object {
                        "height": 32,
                      },
                    ]
                  }
                  underlineColorAndroid="transparent"
                />
              </View>
              <View
                style={
                  Array [
                    Object {
                      "borderTopColor": "#A9ADAE",
                      "borderTopWidth": 0.5,
                      "flexDirection": "row",
                      "height": 46,
                      "justifyContent": "space-between",
                    },
                    Object {},
                  ]
                }
              >
                <View
                  accessible={true}
                  focusable={true}
                  isTVSelectable={true}
                  onClick={[Function]}
                  onResponderGrant={[Function]}
                  onResponderMove={[Function]}
                  onResponderRelease={[Function]}
                  onResponderTerminate={[Function]}
                  onResponderTerminationRequest={[Function]}
                  onStartShouldSetResponder={[Function]}
                  style={
                    Object {
                      "alignItems": "center",
                      "flex": 1,
                      "justifyContent": "center",
                      "opacity": 1,
                    }
                  }
                >
                  <Text
                    style={
                      Array [
                        Object {
                          "backgroundColor": "transparent",
                          "fontSize": 17,
                          "textAlign": "center",
                        },
                        Object {
                          "color": "#007ff9",
                          "fontWeight": "normal",
                        },
                        undefined,
                      ]
                    }
                  >
                    Update
                  </Text>
                </View>
                <View
                  style={
                    Array [
                      Object {
                        "backgroundColor": "#A9ADAE",
                        "height": "100%",
                        "width": 0.5,
                      },
                      Object {},
                    ]
                  }
                />
                <View
                  accessible={true}
                  focusable={true}
                  isTVSelectable={true}
                  onClick={[Function]}
                  onResponderGrant={[Function]}
                  onResponderMove={[Function]}
                  onResponderRelease={[Function]}
                  onResponderTerminate={[Function]}
                  onResponderTerminationRequest={[Function]}
                  onStartShouldSetResponder={[Function]}
                  style={
                    Object {
                      "alignItems": "center",
                      "flex": 1,
                      "justifyContent": "center",
                      "opacity": 1,
                    }
                  }
                >
                  <Text
                    style={
                      Array [
                        Object {
                          "backgroundColor": "transparent",
                          "fontSize": 17,
                          "textAlign": "center",
                        },
                        Object {
                          "color": "#007ff9",
                          "fontWeight": "normal",
                        },
                        undefined,
                      ]
                    }
                  >
                    Cancel
                  </Text>
                </View>
              </View>
            </View>
          </View>
        </View>
      </Modal>
    </View>
  </View>
</RCTScrollView>
`;
