// Jest Snapshot v1, https://goo.gl/fbAQLP

exports[`renders correctly 1`] = `
<View
  style={
    Object {
      "backgroundColor": "#fff",
      "flex": 1,
      "height": 1334,
    }
  }
>
  <RCTScrollView
    automaticallyAdjustContentInsets={false}
    contentContainerStyle={
      Array [
        Object {
          "padding": 10,
        },
        undefined,
      ]
    }
    contentInset={
      Object {
        "bottom": 0,
      }
    }
    enableAutomaticScroll={true}
    enableOnAndroid={false}
    enableResetScrollToCoords={true}
    extraHeight={75}
    extraScrollHeight={0}
    getScrollResponder={[Function]}
    handleOnScroll={[Function]}
    keyboardDismissMode="interactive"
    keyboardOpeningTime={250}
    keyboardShouldPersistTaps="handled"
    keyboardSpace={0}
    onScroll={[Function]}
    padder={true}
    resetKeyboardSpace={[Function]}
    resetScrollToCoords={
      Object {
        "x": 0,
        "y": 0,
      }
    }
    scrollEventThrottle={1}
    scrollForExtraHeightOnAndroid={[Function]}
    scrollIntoView={[Function]}
    scrollToEnd={[Function]}
    scrollToFocusedInput={[Function]}
    scrollToPosition={[Function]}
    showsVerticalScrollIndicator={true}
    style={
      Object {
        "backgroundColor": "transparent",
        "flex": 1,
      }
    }
    update={[Function]}
    viewIsInsideTabBar={false}
  >
    <View>
      <View
        style={
          Object {
            "backgroundColor": "#fff",
            "borderBottomWidth": 0.5,
            "borderColor": "#ccc",
            "borderLeftWidth": 0.5,
            "borderRadius": 2,
            "borderRightWidth": 0.5,
            "borderTopWidth": 0.5,
            "elevation": 3,
            "flexWrap": "nowrap",
            "marginBottom": 5,
            "marginLeft": 2,
            "marginRight": 2,
            "marginTop": 5,
            "shadowColor": "#000",
            "shadowOffset": Object {
              "height": 2,
              "width": 0,
            },
            "shadowOpacity": 0.1,
            "shadowRadius": 1.5,
          }
        }
      >
        <View
          bordered={true}
          header={true}
          style={
            Object {
              "alignItems": "center",
              "backgroundColor": "#fff",
              "borderBottomWidth": 0.5,
              "borderColor": "#ccc",
              "borderRadius": 2,
              "flexDirection": "row",
              "paddingBottom": 15,
              "paddingLeft": 15,
              "paddingRight": 15,
              "paddingTop": 15,
            }
          }
        >
          <Text
            style={
              Object {
                "color": "#007aff",
                "fontFamily": "System",
                "fontSize": 16,
                "fontWeight": "600",
              }
            }
            uppercase={false}
          >
            About
          </Text>
        </View>
        <View
          bordered={true}
          style={
            Object {
              "alignItems": "center",
              "backgroundColor": "#fff",
              "borderBottomWidth": 0.5,
              "borderColor": "#ccc",
              "borderRadius": 2,
              "flexDirection": "row",
              "paddingBottom": 10,
              "paddingLeft": 15,
              "paddingRight": 15,
              "paddingTop": 10,
            }
          }
        >
          <View
            style={
              Object {
                "alignItems": "flex-start",
                "alignSelf": "stretch",
                "flex": 1,
              }
            }
          >
            <Text
              style={
                Object {
                  "color": "#000",
                  "fontFamily": "System",
                  "fontSize": 16,
                }
              }
              uppercase={false}
            >
              NativeBase is a free and open source framework that enable developers to build high-quality mobile apps using React Native iOS and Android apps with a fusion of ES6.
            </Text>
          </View>
        </View>
        <View
          bordered={true}
          header={true}
          style={
            Object {
              "alignItems": "center",
              "backgroundColor": "#fff",
              "borderBottomWidth": 0.5,
              "borderColor": "#ccc",
              "borderRadius": 2,
              "flexDirection": "row",
              "paddingBottom": 15,
              "paddingLeft": 15,
              "paddingRight": 15,
              "paddingTop": 15,
            }
          }
        >
          <Text
            style={
              Object {
                "color": "#007aff",
                "fontFamily": "System",
                "fontSize": 16,
                "fontWeight": "600",
              }
            }
            uppercase={false}
          >
            How to use
          </Text>
        </View>
        <View
          bordered={true}
          style={
            Object {
              "alignItems": "center",
              "backgroundColor": "#fff",
              "borderBottomWidth": 0.5,
              "borderColor": "#ccc",
              "borderRadius": 2,
              "flexDirection": "row",
              "paddingBottom": 10,
              "paddingLeft": 15,
              "paddingRight": 15,
              "paddingTop": 10,
            }
          }
        >
          <View
            style={
              Object {
                "alignItems": "flex-start",
                "alignSelf": "stretch",
                "flex": 1,
              }
            }
          >
            <Text
              style={
                Object {
                  "color": "#000",
                  "fontFamily": "System",
                  "fontSize": 16,
                }
              }
              uppercase={false}
            >
              NativeBase is a free and open source framework that enable developers to build high-quality mobile apps using React Native iOS and Android apps with a fusion of ES6.
            </Text>
          </View>
        </View>
        <View
          bordered={true}
          header={true}
          style={
            Object {
              "alignItems": "center",
              "backgroundColor": "#fff",
              "borderBottomWidth": 0.5,
              "borderColor": "#ccc",
              "borderRadius": 2,
              "flexDirection": "row",
              "paddingBottom": 15,
              "paddingLeft": 15,
              "paddingRight": 15,
              "paddingTop": 15,
            }
          }
        >
          <Text
            style={
              Object {
                "color": "#007aff",
                "fontFamily": "System",
                "fontSize": 16,
                "fontWeight": "600",
              }
            }
            uppercase={false}
          >
            FAQs
          </Text>
        </View>
        <View
          bordered={true}
          style={
            Object {
              "alignItems": "center",
              "backgroundColor": "#fff",
              "borderBottomWidth": 0.5,
              "borderColor": "#ccc",
              "borderRadius": 2,
              "flexDirection": "row",
              "paddingBottom": 10,
              "paddingLeft": 15,
              "paddingRight": 15,
              "paddingTop": 10,
            }
          }
        >
          <View
            style={
              Object {
                "alignItems": "flex-start",
                "alignSelf": "stretch",
                "flex": 1,
              }
            }
          >
            <Text
              style={
                Object {
                  "color": "#000",
                  "fontFamily": "System",
                  "fontSize": 16,
                }
              }
              uppercase={false}
            >
              NativeBase is a free and open source framework that enable developers to build high-quality mobile apps using React Native iOS and Android apps with a fusion of ES6.
            </Text>
          </View>
        </View>
        <View
          bordered={true}
          header={true}
          style={
            Object {
              "alignItems": "center",
              "backgroundColor": "#fff",
              "borderBottomWidth": 0.5,
              "borderColor": "#ccc",
              "borderRadius": 2,
              "flexDirection": "row",
              "paddingBottom": 15,
              "paddingLeft": 15,
              "paddingRight": 15,
              "paddingTop": 15,
            }
          }
        >
          <Text
            style={
              Object {
                "color": "#007aff",
                "fontFamily": "System",
                "fontSize": 16,
                "fontWeight": "600",
              }
            }
            uppercase={false}
          >
            Motivational
          </Text>
        </View>
        <View
          bordered={true}
          style={
            Object {
              "alignItems": "center",
              "backgroundColor": "#fff",
              "borderBottomWidth": 0.5,
              "borderColor": "#ccc",
              "borderRadius": 2,
              "flexDirection": "row",
              "paddingBottom": 10,
              "paddingLeft": 15,
              "paddingRight": 15,
              "paddingTop": 10,
            }
          }
        >
          <View
            style={
              Object {
                "alignItems": "flex-start",
                "alignSelf": "stretch",
                "flex": 1,
              }
            }
          >
            <Text
              style={
                Object {
                  "color": "#000",
                  "fontFamily": "System",
                  "fontSize": 16,
                }
              }
              uppercase={false}
            >
              <View
                style={
                  Object {
                    "alignItems": "center",
                    "flexDirection": "row",
                  }
                }
              >
                <Text
                  style={
                    Array [
                      Object {
                        "marginHorizontal": 10,
                      },
                      Object {
                        "color": "black",
                        "fontWeight": "900",
                      },
                    ]
                  }
                >
                  Example label
                </Text>
                <View
                  accessible={true}
                  focusable={true}
                  isTVSelectable={true}
                  onClick={[Function]}
                  onResponderGrant={[Function]}
                  onResponderMove={[Function]}
                  onResponderRelease={[Function]}
                  onResponderTerminate={[Function]}
                  onResponderTerminationRequest={[Function]}
                  onStartShouldSetResponder={[Function]}
                  style={
                    Object {
                      "backgroundColor": "green",
                      "borderRadius": 20,
                      "justifyContent": "center",
                      "opacity": 1,
                      "padding": 20,
                      "width": 70,
                    }
                  }
                >
                  <View
                    style={
                      Object {
                        "alignItems": "center",
                        "backgroundColor": "white",
                        "borderRadius": 15,
                        "elevation": 1.5,
                        "height": 30,
                        "justifyContent": "center",
                        "margin": 4,
                        "position": "absolute",
                        "shadowColor": "#000",
                        "shadowOffset": Object {
                          "height": 2,
                          "width": 0,
                        },
                        "shadowOpacity": 0.2,
                        "shadowRadius": 2.5,
                        "transform": Array [
                          Object {
                            "translateX": 0,
                          },
                        ],
                        "width": 30,
                      }
                    }
                  />
                </View>
              </View>
            </Text>
          </View>
        </View>
        <View
          bordered={true}
          header={true}
          style={
            Object {
              "alignItems": "center",
              "backgroundColor": "#fff",
              "borderBottomWidth": 0.5,
              "borderColor": "#ccc",
              "borderRadius": 2,
              "flexDirection": "row",
              "paddingBottom": 15,
              "paddingLeft": 15,
              "paddingRight": 15,
              "paddingTop": 15,
            }
          }
        >
          <Text
            style={
              Object {
                "color": "#007aff",
                "fontFamily": "System",
                "fontSize": 16,
                "fontWeight": "600",
              }
            }
            uppercase={false}
          >
            Rating
          </Text>
        </View>
        <View
          bordered={true}
          style={
            Array [
              Object {
                "alignItems": "center",
                "backgroundColor": "#fff",
                "borderBottomWidth": 0.5,
                "borderColor": "#ccc",
                "borderRadius": 2,
                "flexDirection": "row",
                "paddingBottom": 10,
                "paddingLeft": 15,
                "paddingRight": 15,
                "paddingTop": 10,
              },
              Object {
                "justifyContent": "center",
              },
            ]
          }
        >
          <View
            style={
              Object {
                "alignItems": "flex-start",
                "alignSelf": "stretch",
                "flex": 1,
              }
            }
          >
            <View
              style={
                Object {
                  "alignItems": "center",
                  "backgroundColor": "transparent",
                  "flexDirection": "column",
                  "justifyContent": "center",
                }
              }
            >
              <Text
                style={
                  Array [
                    Object {
                      "fontWeight": "bold",
                      "margin": 10,
                    },
                    Object {
                      "color": "rgba(230, 196, 46, 1)",
                      "fontSize": 25,
                    },
                  ]
                }
              >
                Good
              </Text>
              <View
                style={
                  Array [
                    Object {
                      "alignItems": "center",
                      "flexDirection": "row",
                      "justifyContent": "center",
                    },
                  ]
                }
              >
                <View
                  accessible={true}
                  focusable={true}
                  isTVSelectable={true}
                  onClick={[Function]}
                  onResponderGrant={[Function]}
                  onResponderMove={[Function]}
                  onResponderRelease={[Function]}
                  onResponderTerminate={[Function]}
                  onResponderTerminationRequest={[Function]}
                  onStartShouldSetResponder={[Function]}
                  style={
                    Object {
                      "opacity": 1,
                    }
                  }
                >
                  <Image
                    source={
                      Object {
                        "testUri": "../../react-native-ratings/src/images/airbnb-star.png",
                      }
                    }
                    style={
                      Object {
                        "height": 20,
                        "margin": 3,
                        "tintColor": "#f1c40f",
                        "transform": Array [
                          Object {
                            "scale": 1,
                          },
                        ],
                        "width": 20,
                      }
                    }
                  />
                </View>
                <View
                  accessible={true}
                  focusable={true}
                  isTVSelectable={true}
                  onClick={[Function]}
                  onResponderGrant={[Function]}
                  onResponderMove={[Function]}
                  onResponderRelease={[Function]}
                  onResponderTerminate={[Function]}
                  onResponderTerminationRequest={[Function]}
                  onStartShouldSetResponder={[Function]}
                  style={
                    Object {
                      "opacity": 1,
                    }
                  }
                >
                  <Image
                    source={
                      Object {
                        "testUri": "../../react-native-ratings/src/images/airbnb-star.png",
                      }
                    }
                    style={
                      Object {
                        "height": 20,
                        "margin": 3,
                        "tintColor": "#f1c40f",
                        "transform": Array [
                          Object {
                            "scale": 1,
                          },
                        ],
                        "width": 20,
                      }
                    }
                  />
                </View>
                <View
                  accessible={true}
                  focusable={true}
                  isTVSelectable={true}
                  onClick={[Function]}
                  onResponderGrant={[Function]}
                  onResponderMove={[Function]}
                  onResponderRelease={[Function]}
                  onResponderTerminate={[Function]}
                  onResponderTerminationRequest={[Function]}
                  onStartShouldSetResponder={[Function]}
                  style={
                    Object {
                      "opacity": 1,
                    }
                  }
                >
                  <Image
                    source={
                      Object {
                        "testUri": "../../react-native-ratings/src/images/airbnb-star.png",
                      }
                    }
                    style={
                      Object {
                        "height": 20,
                        "margin": 3,
                        "tintColor": "#f1c40f",
                        "transform": Array [
                          Object {
                            "scale": 1,
                          },
                        ],
                        "width": 20,
                      }
                    }
                  />
                </View>
                <View
                  accessible={true}
                  focusable={true}
                  isTVSelectable={true}
                  onClick={[Function]}
                  onResponderGrant={[Function]}
                  onResponderMove={[Function]}
                  onResponderRelease={[Function]}
                  onResponderTerminate={[Function]}
                  onResponderTerminationRequest={[Function]}
                  onStartShouldSetResponder={[Function]}
                  style={
                    Object {
                      "opacity": 1,
                    }
                  }
                >
                  <Image
                    source={
                      Object {
                        "testUri": "../../react-native-ratings/src/images/airbnb-star.png",
                      }
                    }
                    style={
                      Object {
                        "height": 20,
                        "margin": 3,
                        "tintColor": undefined,
                        "transform": Array [
                          Object {
                            "scale": 1,
                          },
                        ],
                        "width": 20,
                      }
                    }
                  />
                </View>
                <View
                  accessible={true}
                  focusable={true}
                  isTVSelectable={true}
                  onClick={[Function]}
                  onResponderGrant={[Function]}
                  onResponderMove={[Function]}
                  onResponderRelease={[Function]}
                  onResponderTerminate={[Function]}
                  onResponderTerminationRequest={[Function]}
                  onStartShouldSetResponder={[Function]}
                  style={
                    Object {
                      "opacity": 1,
                    }
                  }
                >
                  <Image
                    source={
                      Object {
                        "testUri": "../../react-native-ratings/src/images/airbnb-star.png",
                      }
                    }
                    style={
                      Object {
                        "height": 20,
                        "margin": 3,
                        "tintColor": undefined,
                        "transform": Array [
                          Object {
                            "scale": 1,
                          },
                        ],
                        "width": 20,
                      }
                    }
                  />
                </View>
              </View>
            </View>
          </View>
        </View>
        <View
          bordered={true}
          header={true}
          style={
            Object {
              "alignItems": "center",
              "backgroundColor": "#fff",
              "borderBottomWidth": 0.5,
              "borderColor": "#ccc",
              "borderRadius": 2,
              "flexDirection": "row",
              "paddingBottom": 15,
              "paddingLeft": 15,
              "paddingRight": 15,
              "paddingTop": 15,
            }
          }
        >
          <Text
            style={
              Object {
                "color": "#007aff",
                "fontFamily": "System",
                "fontSize": 16,
                "fontWeight": "600",
              }
            }
            uppercase={false}
          >
            Feedback
          </Text>
        </View>
        <View
          bordered={true}
          style={
            Object {
              "alignItems": "center",
              "backgroundColor": "#fff",
              "borderBottomWidth": 0.5,
              "borderColor": "#ccc",
              "borderRadius": 2,
              "flexDirection": "row",
              "paddingBottom": 10,
              "paddingLeft": 15,
              "paddingRight": 15,
              "paddingTop": 10,
            }
          }
        >
          <View
            style={
              Object {
                "alignItems": "flex-start",
                "alignSelf": "stretch",
                "flex": 1,
              }
            }
          >
            <View
              style={
                Object {
                  "alignItems": "center",
                  "backgroundColor": "#fff",
                  "flex": 1,
                  "justifyContent": "center",
                }
              }
            >
              <View
                accessibilityRole="button"
                accessibilityStates={Array []}
                accessible={true}
                focusable={true}
                isTVSelectable={true}
                onClick={[Function]}
                onResponderGrant={[Function]}
                onResponderMove={[Function]}
                onResponderRelease={[Function]}
                onResponderTerminate={[Function]}
                onResponderTerminationRequest={[Function]}
                onStartShouldSetResponder={[Function]}
                style={
                  Object {
                    "opacity": 1,
                  }
                }
              >
                <View
                  style={
                    Array [
                      Object {},
                    ]
                  }
                >
                  <Text
                    style={
                      Array [
                        Object {
                          "color": "#007AFF",
                          "fontSize": 18,
                          "padding": 8,
                          "textAlign": "center",
                        },
                      ]
                    }
                  >
                    Send Mail
                  </Text>
                </View>
              </View>
            </View>
          </View>
        </View>
        <View
          bordered={true}
          footer={true}
          style={
            Object {
              "alignItems": "center",
              "backgroundColor": "#fff",
              "borderBottomWidth": 0.5,
              "borderColor": "#ccc",
              "borderRadius": 2,
              "borderTopWidth": 0.5,
              "flexDirection": "row",
              "paddingBottom": 10,
              "paddingLeft": 15,
              "paddingRight": 15,
              "paddingTop": 10,
            }
          }
        >
          <Text
            style={
              Object {
                "color": "#007aff",
                "fontFamily": "System",
                "fontSize": 16,
                "fontWeight": "600",
              }
            }
            uppercase={false}
          >
            GeekyAnts
          </Text>
        </View>
      </View>
    </View>
  </RCTScrollView>
</View>
`;
