// Jest Snapshot v1, https://goo.gl/fbAQLP

exports[`renders correctly 1`] = `
Array [
  <View
    style={
      Object {
        "backgroundColor": "white",
        "flex": 1,
        "flexDirection": "column",
        "justifyContent": "center",
        "padding": 30,
      }
    }
  >
    <Text
      style={
        Object {
          "fontSize": 25,
          "marginBottom": 20,
          "textAlign": "center",
        }
      }
    >
      Add Distance in terms of KM
    </Text>
    <TextInput
      allowFontScaling={true}
      onChange={[Function]}
      rejectResponderTermination={true}
      style={
        Object {
          "borderColor": "black",
          "borderRadius": 8,
          "borderWidth": 1,
          "color": "black",
          "fontSize": 23,
          "height": 50,
          "marginRight": 5,
          "padding": 4,
        }
      }
      underlineColorAndroid="transparent"
    />
  </View>,
  <View
    style={
      Object {
        "backgroundColor": "white",
        "flex": 1,
        "flexDirection": "column",
        "justifyContent": "center",
        "padding": 30,
      }
    }
  >
    <Text
      style={
        Object {
          "fontSize": 25,
          "marginBottom": 20,
          "textAlign": "center",
        }
      }
    >
      Add Time in minutes
    </Text>
    <TextInput
      allowFontScaling={true}
      onChange={[Function]}
      rejectResponderTermination={true}
      style={
        Object {
          "borderColor": "black",
          "borderRadius": 8,
          "borderWidth": 1,
          "color": "black",
          "fontSize": 23,
          "height": 50,
          "marginRight": 5,
          "padding": 4,
        }
      }
      underlineColorAndroid="transparent"
    />
  </View>,
  <View>
    <View
      accessible={true}
      focusable={true}
      isTVSelectable={true}
      onClick={[Function]}
      onResponderGrant={[Function]}
      onResponderMove={[Function]}
      onResponderRelease={[Function]}
      onResponderTerminate={[Function]}
      onResponderTerminationRequest={[Function]}
      onStartShouldSetResponder={[Function]}
      style={
        Object {
          "alignSelf": "stretch",
          "backgroundColor": "black",
          "borderColor": "white",
          "borderRadius": 8,
          "borderWidth": 1,
          "flexDirection": "row",
          "height": 45,
          "justifyContent": "center",
          "marginBottom": 10,
          "marginTop": 10,
        }
      }
    >
      <Text
        style={
          Object {
            "alignSelf": "center",
            "color": "white",
            "fontSize": 18,
          }
        }
      >
        Add
      </Text>
    </View>
  </View>,
]
`;
